// Vitest Snapshot v1, https://vitest.dev/guide/snapshot.html

exports[`dts > components only 1`] = `
"/* eslint-disable */
// @ts-nocheck
// Generated by unplugin-vue-components
// Read more: https://github.com/vuejs/core/pull/3399
// biome-ignore lint: disable
export {}

/* prettier-ignore */
declare module 'vue' {
  export interface GlobalComponents {
    RouterLink: typeof import('vue-router')['RouterLink']
    RouterView: typeof import('vue-router')['RouterView']
    TestComp: typeof import('test/component/TestComp')['default']
  }
}
"
`;

exports[`dts > directive only 1`] = `
"/* eslint-disable */
// @ts-nocheck
// Generated by unplugin-vue-components
// Read more: https://github.com/vuejs/core/pull/3399
// biome-ignore lint: disable
export {}

/* prettier-ignore */
declare module 'vue' {
  export interface GlobalDirectives {
    vLoading: typeof import('test/directive/Loading')['default']
  }
}
"
`;

exports[`dts > getDeclaration 1`] = `
"/* eslint-disable */
// @ts-nocheck
// Generated by unplugin-vue-components
// Read more: https://github.com/vuejs/core/pull/3399
// biome-ignore lint: disable
export {}

/* prettier-ignore */
declare module 'vue' {
  export interface GlobalComponents {
    RouterLink: typeof import('vue-router')['RouterLink']
    RouterView: typeof import('vue-router')['RouterView']
    TestComp: typeof import('test/component/TestComp')['default']
  }
  export interface GlobalDirectives {
    vLoading: typeof import('test/directive/Loading')['default']
  }
}
"
`;

exports[`dts > parseDeclaration - has icon component like <IMdi:diceD12> 1`] = `
{
  "component": {
    "ComponentA": "typeof import('./src/components/ComponentA.vue')['default']",
    "IMdi:diceD12": "typeof import('~icons/mdi/dice-d12')['default']",
    "IMdiLightAlarm": "typeof import('~icons/mdi-light/alarm')['default']",
  },
  "directive": {},
}
`;

exports[`dts > parseDeclaration - with directives 1`] = `
{
  "component": {
    "ComponentA": "typeof import('./src/components/ComponentA.vue')['default']",
    "IMdi:diceD12": "typeof import('~icons/mdi/dice-d12')['default']",
    "IMdiLightAlarm": "typeof import('~icons/mdi-light/alarm')['default']",
  },
  "directive": {
    "vDirective": "typeof import('foo')",
    "vLoading": "typeof import('test/directive/Loading')['default']",
    "vSome": "typeof import('test/directive/Some')['default']",
  },
}
`;

exports[`dts > parseDeclaration 1`] = `
{
  "component": {
    "ComponentA": "typeof import('./src/components/ComponentA.vue')['default']",
    "ComponentB": "typeof import('./src/components/ComponentB.vue')['default']",
    "ComponentC": "typeof import('./src/components/component-c.vue')['default']",
  },
  "directive": {},
}
`;

exports[`dts > vue 2.7 components only 1`] = `
"/* eslint-disable */
// @ts-nocheck
// Generated by unplugin-vue-components
// Read more: https://github.com/vuejs/core/pull/3399
// biome-ignore lint: disable
export {}

/* prettier-ignore */
declare module 'vue' {
  export interface GlobalComponents {
    RouterLink: typeof import('vue-router')['RouterLink']
    RouterView: typeof import('vue-router')['RouterView']
    TestComp: typeof import('test/component/TestComp')['default']
  }
}
"
`;

exports[`dts > writeDeclaration - keep unused 1`] = `
"/* eslint-disable */
// @ts-nocheck
// Generated by unplugin-vue-components
// Read more: https://github.com/vuejs/core/pull/3399
// biome-ignore lint: disable
export {}

/* prettier-ignore */
declare module 'vue' {
  export interface GlobalComponents {
    RouterLink: typeof import('vue-router')['RouterLink']
    RouterView: typeof import('vue-router')['RouterView']
    SomeComp: typeof import('test/component/SomeComp')['default']
    TestComp: typeof import('test/component/TestComp')['default']
  }
  export interface GlobalDirectives {
    vDirective: typeof import('foo')
    vLoading: typeof import('test/directive/Loading')['default']
    vSome: typeof import('test/directive/Some')['default']
  }
}
"
`;

exports[`dts > writeDeclaration 1`] = `
"/* eslint-disable */
// @ts-nocheck
// Generated by unplugin-vue-components
// Read more: https://github.com/vuejs/core/pull/3399
// biome-ignore lint: disable
export {}

/* prettier-ignore */
declare module 'vue' {
  export interface GlobalComponents {
    RouterLink: typeof import('vue-router')['RouterLink']
    RouterView: typeof import('vue-router')['RouterView']
    TestComp: typeof import('test/component/TestComp')['default']
  }
  export interface GlobalDirectives {
    vLoading: typeof import('test/directive/Loading')['default']
  }
}
"
`;
