// Vitest Snapshot v1, https://vitest.dev/guide/snapshot.html

exports[`component and directive as same name > vue2 transform should work 1`] = `
{
  "code": "/* unplugin-vue-components disabled */import __unplugin_directives_0 from 'test/directive/Loading';
import __unplugin_components_0 from 'test/component/Loading';

    var render = function () {
this.$options.directives["loading"] = __unplugin_directives_0;
      var _vm = this
      var _h = _vm.$createElement
      var _c = _vm._self._c || _h
      return _c(__unplugin_components_0, {
        directives: [
          { name: "loading", rawName: "v-loading", value: 123, expression: "123" }
        ]
      })
    }
    var staticRenderFns = []
    render._withStripped = true
    export { render, staticRenderFns }
    ",
}
`;

exports[`component and directive as same name > vue2.7 transform should work 1`] = `
{
  "code": "/* unplugin-vue-components disabled */import __unplugin_directives_0 from 'test/directive/Loading';
import __unplugin_components_0 from 'test/component/Div';

    import { defineComponent as _defineComponent } from "vue";
    const _sfc_main = /* @__PURE__ */ _defineComponent({
      __name: "App",
      setup(__props) {
        return { __sfc: true };
      }
    });
    var _sfc_render = function render() {
this.$options.directives["loading"] = __unplugin_directives_0;
      var _vm = this, _c = _vm._self._c, _setup = _vm._self._setupProxy;
      return _c(__unplugin_components_0, { directives: [{ name: "loading", rawName: "v-loading", value: 123, expression: "123" }] }, [], 1);
    };
    ",
}
`;

exports[`component and directive as same name > vue3 transform should work 1`] = `
{
  "code": "/* unplugin-vue-components disabled */import __unplugin_directives_0 from 'test/directive/ElInfiniteScroll';
import __unplugin_components_0 from 'test/component/ElInfiniteScroll';

    const render = (_ctx, _cache) => {
      const _component_el_infinite_scroll = __unplugin_components_0
      const _directive_el_infinite_scroll = __unplugin_directives_0
    
      return _withDirectives(
        (_openBlock(),
        _createBlock(_component_test_comp, null, null, 512 /* NEED_PATCH */)),
        [[_directive_loading, 123]]
      )
    }
    ",
}
`;

exports[`prefix transform > transform with prefix should work 1`] = `
{
  "code": "/* unplugin-vue-components disabled */import __unplugin_components_2 from 'test/component/test-comp.vue';
import __unplugin_components_1 from 'test/component/test-comp.vue';
import __unplugin_components_0 from 'test/component/test-comp.vue';

    const render = (_ctx, _cache) => {
      const _component_test_comp = __unplugin_components_0
      const _component_testComp = __unplugin_components_1
      const _component_testComp = __unplugin_components_2

      return _withDirectives(
        (_openBlock(),
        _createBlock(_component_test_comp, null, null, 512 /* NEED_PATCH */)),
        _createBlock(_component_testComp, null, null, 512 /* NEED_PATCH */)),
        _createBlock(_component_TestComp, null, null, 512 /* NEED_PATCH */))
      )
    }
    ",
}
`;

exports[`transform > vue2 transform should work 1`] = `
{
  "code": "/* unplugin-vue-components disabled */import __unplugin_directives_0 from 'test/directive/Loading';
import __unplugin_components_0 from 'test/component/TestComp';

    var render = function () {
this.$options.directives["loading"] = __unplugin_directives_0;
      var _vm = this
      var _h = _vm.$createElement
      var _c = _vm._self._c || _h
      return _c(__unplugin_components_0, {
        directives: [
          { name: "loading", rawName: "v-loading", value: 123, expression: "123" }
        ]
      })
    }
    var staticRenderFns = []
    render._withStripped = true
    export { render, staticRenderFns }
    ",
}
`;

exports[`transform > vue2 transform with jsx should work 1`] = `
{
  "code": "/* unplugin-vue-components disabled */import __unplugin_components_0 from 'test/component/TestComp';

    export default {
      render(){
        return h(__unplugin_components_0, {
        directives: [
          { name: "loading", rawName: "v-loading", value: 123, expression: "123" }
        ]
      })
      }
    }
    ",
}
`;

exports[`transform > vue3 transform should work > no-user-resolve 1`] = `
{
  "code": "/* unplugin-vue-components disabled */import __unplugin_directives_0 from 'test/directive/Loading';
import __unplugin_components_0 from 'test/component/TestComp';

    const render = (_ctx, _cache) => {
      const _component_test_comp = __unplugin_components_0
      const _directive_loading = __unplugin_directives_0
      
      const _resolveNoUnderscore = resolveComponent("test-comp")

      return _withDirectives(
        (_openBlock(),
        _createBlock(_resolveNoUnderscore, null, null, 512 /* NEED_PATCH */)),
        _createBlock(_component_test_comp, null, null, 512 /* NEED_PATCH */)),
        [[_directive_loading, 123]]
      )
    }
    ",
}
`;

exports[`transform > vue3 transform should work > with-user-resolve 1`] = `
{
  "code": "/* unplugin-vue-components disabled */import __unplugin_directives_0 from 'test/directive/Loading';
import __unplugin_components_1 from 'test/component/TestComp';
import __unplugin_components_0 from 'test/component/TestComp';

    const render = (_ctx, _cache) => {
      const _component_test_comp = __unplugin_components_0
      const _directive_loading = __unplugin_directives_0
      
      const _resolveNoUnderscore = __unplugin_components_1

      return _withDirectives(
        (_openBlock(),
        _createBlock(_resolveNoUnderscore, null, null, 512 /* NEED_PATCH */)),
        _createBlock(_component_test_comp, null, null, 512 /* NEED_PATCH */)),
        [[_directive_loading, 123]]
      )
    }
    ",
}
`;
